<?xml version='1.0' encoding='UTF-8'?>
<dataset>
    <technology name="TestTechnology"/>
    <technology name="SQL"/>
    <technology name="MyBatis"/>
    <technology name="Spring"/>
    <technology name="Ant"/>
    <technology name="Maven"/>
    <technology name="Gradle"/>
    <technology name="Liquibase"/>
    <technology name="PHP"/>
    <technology name="JavaScript"/>
    <technology name="Java"/>
</dataset>
