<?xml version='1.0' encoding='UTF-8'?>
<dataset>
    <currency name="USD"/>
    <currency name="&#1043;&#1088;&#1080;&#1074;&#1085;&#1072;"/>
    <currency name="Euro"/>
    <currency name="Test"/>
</dataset>
