<?xml version='1.0' encoding='UTF-8'?>
<!--<!DOCTYPE dataset SYSTEM "src/test/resources/dbunit/test.dtd">-->
<dataset>
    <currency id="-1" name="USD"/>
    <event title="Spring Framework Deep Drive Training"
           event_date="2017-07-17 00:00:00"
           reg_link="http://goo.gl/forms/u2orDCk2X5"
           address="ул. Пушкинская, 32"
           price="180"
           currency_id="-1"
           point="POINT(30.7392599 46.4772772)"
           description="Всем привет! Мы рады сообщить о незаурядном событии в мире Java разработки, которое состоится в начале лета (17 июня — 18 июня) 2016 года в славном городе Одесса! Практический тренинг от известнго спикера и основателя успешного стартапа Евгения Борисова, посвященный Java Spring Framework. Тренинг ориентирован на разработчиков использующих в своих проектах или только начавших изучать Spring. Будут детально освещены вопросы конфигурации (Java, Groovy ,Xml Configuration), инициализации (BeanFactoryPostProcessors, BeanPostProcessors, Application Lifecycle Listeners ...) и выполнения (Custom Scopes, Proxy Modes, Static Beans, Refresihing prototypes in Singletons, Dynamic Proxy ...) приложения на Spring Framework. Все темы участники прорабатывают шаг за шагом на практических примерах под руководством спикера. Детальную программу смотрите здесь Длительность обучения — два полных дня. Точное место проведения — пока уточняется. Информация о докладчике Цена — 180 у.е за два дня. Для участников собравших группу из 5 и больше человек — скидка — 10 %! Количество участников — строго ограничено. Спешите! Обязательно регистрируемся здесь: goo.gl/forms/u2orDCk2X5 Также отмечаемся на странице ивента: www.facebook.com/events/893682990680037 В случаи вопросв и предложений — свяжитесь с нами! Тел +380964023202 , Евгений Email: evgeniy.turovskiy@gmail.com Skype: ewgeniy_1"/>
</dataset>